[2025-05-06 10:40:37] INFO: Login attempt for username: admin 
[2025-05-06 10:40:37] INFO: Successful login for user: admin 
[2025-05-06 11:24:40.000] [INFO]    Login attempt for username: admin 
[2025-05-06 11:24:41.000] [INFO]    Successful login for user: admin 
[2025-05-06 14:01:42.000] [INFO]    Login attempt for username: admin 
[2025-05-06 14:01:42.000] [INFO]    Successful login for user: admin 
[2025-05-06 14:38:58.000] [INFO]    Login attempt for username: admin 
[2025-05-06 14:38:58.000] [INFO]    Successful login for user: admin 
[2025-05-06 15:30:23.000] [INFO]    Registration attempt for username: ethan 
[2025-05-06 15:30:23.000] [ERROR]   Registration error: Le mot de passe doit contenir au moins 8 caractères avec majuscules, minuscules et chiffres 
[2025-05-06 15:30:44.000] [INFO]    Registration attempt for username: ethan 
[2025-05-06 15:30:44.000] [ERROR]   Registration failed for user ethan: 3 
[2025-05-06 15:30:44.000] [ERROR]   Registration error: 3 
[2025-05-06 15:31:01.000] [INFO]    Login attempt for username: ethan 
[2025-05-06 15:31:01.000] [INFO]    Successful login for user: ethan 
[2025-05-06 15:32:11.000] [INFO]    Login attempt for username: admin 
[2025-05-06 15:32:11.000] [INFO]    Successful login for user: admin 
[2025-05-06 15:42:26.000] [INFO]    Registration attempt for username: niquetamere 
[2025-05-06 15:42:26.000] [ERROR]   Registration error: Le mot de passe doit contenir au moins 8 caractères avec majuscules, minuscules et chiffres 
[2025-05-06 15:42:56.000] [INFO]    Registration attempt for username: niquetamere 
[2025-05-06 15:42:56.000] [ERROR]   Registration failed for user niquetamere: 4 
[2025-05-06 15:42:56.000] [ERROR]   Registration error: 4 
[2025-05-06 15:43:25.000] [INFO]    Registration attempt for username: niquetamere 
[2025-05-06 15:43:25.000] [ERROR]   Registration error: Nom d'utilisateur déjà pris 
[2025-05-06 15:43:52.000] [INFO]    Login attempt for username: niquetamere 
[2025-05-06 15:43:52.000] [INFO]    Successful login for user: niquetamere 
[2025-05-06 15:48:11.000] [INFO]    Login attempt for username: admin 
[2025-05-06 15:48:12.000] [INFO]    Successful login for user: admin 
[2025-05-06 15:48:35.000] [INFO]    Login attempt for username: ethan 
[2025-05-06 15:48:35.000] [WARNING] Failed login attempt for ethan: Nom d'utilisateur ou mot de passe invalide 
[2025-05-06 15:48:44.000] [INFO]    Login attempt for username: Ethan 
[2025-05-06 15:48:44.000] [WARNING] Failed login attempt for Ethan: Nom d'utilisateur ou mot de passe invalide 
[2025-05-06 15:49:28.000] [INFO]    Registration attempt for username: 12345 
[2025-05-06 15:49:28.000] [WARNING] Password mismatch for user: 12345 
[2025-05-06 15:49:28.000] [ERROR]   Registration error: Les mots de passe ne correspondent pas. 
[2025-05-06 15:49:43.000] [INFO]    Registration attempt for username: 12345 
[2025-05-06 15:49:43.000] [WARNING] Password mismatch for user: 12345 
[2025-05-06 15:49:43.000] [ERROR]   Registration error: Les mots de passe ne correspondent pas. 
[2025-05-06 15:49:54.000] [INFO]    Registration attempt for username: 12345 
[2025-05-06 15:49:54.000] [ERROR]   Registration error: Le mot de passe doit contenir au moins 8 caractères avec majuscules, minuscules et chiffres 
[2025-05-06 15:50:17.000] [INFO]    Registration attempt for username: 12345 
[2025-05-06 15:50:17.000] [WARNING] Password mismatch for user: 12345 
[2025-05-06 15:50:17.000] [ERROR]   Registration error: Les mots de passe ne correspondent pas. 
[2025-05-06 15:53:54.000] [INFO]    Registration attempt for username: 12345 
[2025-05-06 15:53:54.000] [ERROR]   Registration failed for user 12345: 3 
[2025-05-06 15:53:54.000] [ERROR]   Registration error: 3 
[2025-05-06 15:54:09.000] [INFO]    Login attempt for username: 12345 
[2025-05-06 15:54:09.000] [INFO]    Successful login for user: 12345 
[2025-05-06 15:54:11.000] [INFO]    User already logged in, redirecting to index 
[2025-05-06 16:44:59.000] [INFO]    Registration attempt for username: qzrqzfqz 
[2025-05-06 16:44:59.000] [WARNING] Password mismatch for user: qzrqzfqz 
[2025-05-06 16:44:59.000] [ERROR]   Registration error: Les mots de passe ne correspondent pas. 
[2025-05-06 16:45:10.000] [INFO]    Registration attempt for username: qzrqzfqz 
[2025-05-06 16:45:10.000] [WARNING] Password too short for user: qzrqzfqz 
[2025-05-06 16:45:10.000] [ERROR]   Registration error: Le mot de passe doit contenir au moins 8 caractères. 
[2025-05-06 16:45:55.000] [INFO]    Registration attempt for username: users 
[2025-05-06 16:45:55.000] [WARNING] Password mismatch for user: users 
[2025-05-06 16:45:55.000] [ERROR]   Registration error: Les mots de passe ne correspondent pas. 
[2025-05-06 16:46:11.000] [INFO]    Registration attempt for username: users 
[2025-05-06 16:46:11.000] [ERROR]   Registration failed for user users: 4 
[2025-05-06 16:46:11.000] [ERROR]   Registration error: 4 
[2025-05-06 16:46:48.000] [INFO]    Login attempt for username: users 
[2025-05-06 16:46:48.000] [INFO]    Successful login for user: users 
[2025-05-06 16:47:46.000] [INFO]    Login attempt for username: admin 
[2025-05-06 16:47:46.000] [INFO]    Successful login for user: admin 
[2025-05-06 17:37:16.000] [DEBUG]   Fetched user progress for user: 1 
[2025-05-06 17:46:19.000] [INFO]    Login attempt for username: admin 
[2025-05-06 17:46:19.000] [INFO]    Successful login for user: admin 
[2025-05-06 18:40:40.000] [INFO]    Login attempt for username: admin 
[2025-05-06 18:40:40.000] [INFO]    Successful login for user: admin 
[2025-05-06 20:16:25.000] [INFO]    Login attempt for username: admin 
[2025-05-06 20:16:25.000] [WARNING] Failed login attempt for admin: SQLSTATE[42S22]: Column not found: 1054 Unknown column 'nom' in 'field list' 
[2025-05-06 20:17:01.000] [INFO]    Login attempt for username: admin 
[2025-05-06 20:17:01.000] [WARNING] Failed login attempt for admin: SQLSTATE[42S22]: Column not found: 1054 Unknown column 'nom' in 'field list' 
[2025-05-06 20:30:40.000] [INFO]    Login attempt for username: admin 
[2025-05-06 20:30:40.000] [WARNING] Failed login attempt for admin: SQLSTATE[42S22]: Column not found: 1054 Unknown column 'nom' in 'field list' 
[2025-05-06 21:16:38.000] [INFO]    Login attempt for username: admin 
[2025-05-06 21:16:38.000] [INFO]    Successful login for user: admin 
